2026-05-10 16:51:25,803 - aqt.main - INFO - installer 32052 aqtinstall(aqt) v3.3.0 on Python 3.14.3 [CPython MSC v.1944 64 bit (AMD64)]
2026-05-10 16:51:25,804 - aqt.helper - DEBUG - helper 32052 Attempt to download checksum at https://download.qt.io/online/qtsdkrepository/windows_x86/desktop/qt6_680/qt6_680/Updates.xml.sha256
2026-05-10 16:51:26,593 - aqt.helper - DEBUG - helper 32052 Attempt to download checksum at https://download.qt.io/online/qtsdkrepository/windows_x86/extensions/qtwebengine/680/msvc2022_64/Updates.xml.sha256
2026-05-10 16:51:27,332 - aqt.archives - INFO - archives 32052 Found extension qtwebengine
2026-05-10 16:51:27,333 - aqt.helper - DEBUG - helper 32052 Attempt to download checksum at https://download.qt.io/online/qtsdkrepository/windows_x86/extensions/qtpdf/680/msvc2022_64/Updates.xml.sha256
2026-05-10 16:51:28,048 - aqt.archives - INFO - archives 32052 Found extension qtpdf
2026-05-10 16:51:28,056 - aqt.main - ERROR - installer 32052 The packages ['qtdeclarative'] were not found while parsing XML of package information!
==============================Suggested follow-up:==============================
* Please use 'aqt list-qt windows desktop --modules 6.8.0 <arch>' to show modules available.
2026-05-10 16:53:01,393 - aqt.main - INFO - installer 14476 aqtinstall(aqt) v3.3.0 on Python 3.14.3 [CPython MSC v.1944 64 bit (AMD64)]
2026-05-10 16:53:01,393 - aqt.helper - DEBUG - helper 14476 Attempt to download checksum at https://download.qt.io/online/qtsdkrepository/windows_x86/desktop/qt6_680/qt6_680/Updates.xml.sha256
2026-05-10 16:53:02,233 - aqt.helper - DEBUG - helper 14476 Attempt to download checksum at https://download.qt.io/online/qtsdkrepository/windows_x86/extensions/qtwebengine/680/msvc2022_64/Updates.xml.sha256
2026-05-10 16:53:02,966 - aqt.archives - INFO - archives 14476 Found extension qtwebengine
2026-05-10 16:53:02,967 - aqt.helper - DEBUG - helper 14476 Attempt to download checksum at https://download.qt.io/online/qtsdkrepository/windows_x86/extensions/qtpdf/680/msvc2022_64/Updates.xml.sha256
2026-05-10 16:53:03,683 - aqt.archives - INFO - archives 14476 Found extension qtpdf
2026-05-10 16:53:03,690 - aqt.main - ERROR - installer 14476 The packages ['qtdeclarative'] were not found while parsing XML of package information!
==============================Suggested follow-up:==============================
* Please use 'aqt list-qt windows desktop --modules 6.8.0 <arch>' to show modules available.
2026-05-10 16:54:33,601 - aqt.main - INFO - installer 15464 aqtinstall(aqt) v3.3.0 on Python 3.14.3 [CPython MSC v.1944 64 bit (AMD64)]
2026-05-10 16:54:33,602 - aqt.helper - DEBUG - helper 15464 Attempt to download checksum at https://download.qt.io/online/qtsdkrepository/windows_x86/desktop/qt6_680/qt6_680/Updates.xml.sha256
2026-05-10 16:54:34,417 - aqt.helper - DEBUG - helper 15464 Attempt to download checksum at https://download.qt.io/online/qtsdkrepository/windows_x86/extensions/qtwebengine/680/msvc2022_64/Updates.xml.sha256
2026-05-10 16:54:35,143 - aqt.archives - INFO - archives 15464 Found extension qtwebengine
2026-05-10 16:54:35,143 - aqt.helper - DEBUG - helper 15464 Attempt to download checksum at https://download.qt.io/online/qtsdkrepository/windows_x86/extensions/qtpdf/680/msvc2022_64/Updates.xml.sha256
2026-05-10 16:54:35,877 - aqt.archives - INFO - archives 15464 Found extension qtpdf
2026-05-10 16:54:36,196 - aqt.helper - DEBUG - helper 37512 Attempt to download checksum at https://download.qt.io/online/qtsdkrepository/windows_x86/desktop/qt6_680/qt6_680/qt.qt6.680.win64_msvc2022_64/6.8.0-0-202410030750qtbase-Windows-Windows_11_23H2-MSVC2022-Windows-Windows_11_23H2-X86_64.7z.sha256
2026-05-10 16:54:36,196 - aqt.helper - DEBUG - helper 14604 Attempt to download checksum at https://download.qt.io/online/qtsdkrepository/windows_x86/desktop/qt6_680/qt6_680/qt.qt6.680.win64_msvc2022_64/6.8.0-0-202410030750qtdeclarative-Windows-Windows_11_23H2-MSVC2022-Windows-Windows_11_23H2-X86_64.7z.sha256
2026-05-10 16:54:36,196 - aqt.helper - DEBUG - helper 35080 Attempt to download checksum at https://download.qt.io/online/qtsdkrepository/windows_x86/desktop/qt6_680/qt6_680/qt.qt6.680.win64_msvc2022_64/6.8.0-0-202410030750qtsvg-Windows-Windows_11_23H2-MSVC2022-Windows-Windows_11_23H2-X86_64.7z.sha256
2026-05-10 16:54:36,199 - aqt.helper - DEBUG - helper 14192 Attempt to download checksum at https://download.qt.io/online/qtsdkrepository/windows_x86/desktop/qt6_680/qt6_680/qt.qt6.680.win64_msvc2022_64/6.8.0-0-202410030750qttools-Windows-Windows_11_23H2-MSVC2022-Windows-Windows_11_23H2-X86_64.7z.sha256
2026-05-10 16:54:36,678 - aqt.helper - INFO - helper 35080 Downloading qtsvg...
2026-05-10 16:54:36,678 - aqt.installer - DEBUG - installer 35080 Download URL: https://download.qt.io/online/qtsdkrepository/windows_x86/desktop/qt6_680/qt6_680/qt.qt6.680.win64_msvc2022_64/6.8.0-0-202410030750qtsvg-Windows-Windows_11_23H2-MSVC2022-Windows-Windows_11_23H2-X86_64.7z
2026-05-10 16:54:36,685 - aqt.helper - INFO - helper 37512 Downloading qtbase...
2026-05-10 16:54:36,685 - aqt.installer - DEBUG - installer 37512 Download URL: https://download.qt.io/online/qtsdkrepository/windows_x86/desktop/qt6_680/qt6_680/qt.qt6.680.win64_msvc2022_64/6.8.0-0-202410030750qtbase-Windows-Windows_11_23H2-MSVC2022-Windows-Windows_11_23H2-X86_64.7z
2026-05-10 16:54:36,697 - aqt.helper - INFO - helper 14192 Downloading qttools...
2026-05-10 16:54:36,698 - aqt.installer - DEBUG - installer 14192 Download URL: https://download.qt.io/online/qtsdkrepository/windows_x86/desktop/qt6_680/qt6_680/qt.qt6.680.win64_msvc2022_64/6.8.0-0-202410030750qttools-Windows-Windows_11_23H2-MSVC2022-Windows-Windows_11_23H2-X86_64.7z
2026-05-10 16:54:36,706 - aqt.helper - INFO - helper 14604 Downloading qtdeclarative...
2026-05-10 16:54:36,706 - aqt.installer - DEBUG - installer 14604 Download URL: https://download.qt.io/online/qtsdkrepository/windows_x86/desktop/qt6_680/qt6_680/qt.qt6.680.win64_msvc2022_64/6.8.0-0-202410030750qtdeclarative-Windows-Windows_11_23H2-MSVC2022-Windows-Windows_11_23H2-X86_64.7z
2026-05-10 16:54:37,137 - aqt.helper - DEBUG - helper 37512 Asked to redirect(302) to: https://www.nic.funet.fi/pub/mirrors/download.qt-project.org/online/qtsdkrepository/windows_x86/desktop/qt6_680/qt6_680/qt.qt6.680.win64_msvc2022_64/6.8.0-0-202410030750qtbase-Windows-Windows_11_23H2-MSVC2022-Windows-Windows_11_23H2-X86_64.7z
2026-05-10 16:54:37,137 - aqt.helper - INFO - helper 37512 Redirected: www.nic.funet.fi
2026-05-10 16:54:37,156 - aqt.helper - DEBUG - helper 35080 Asked to redirect(302) to: https://www.nic.funet.fi/pub/mirrors/download.qt-project.org/online/qtsdkrepository/windows_x86/desktop/qt6_680/qt6_680/qt.qt6.680.win64_msvc2022_64/6.8.0-0-202410030750qtsvg-Windows-Windows_11_23H2-MSVC2022-Windows-Windows_11_23H2-X86_64.7z
2026-05-10 16:54:37,156 - aqt.helper - INFO - helper 35080 Redirected: www.nic.funet.fi
2026-05-10 16:54:37,186 - aqt.helper - DEBUG - helper 14604 Asked to redirect(302) to: https://www.nic.funet.fi/pub/mirrors/download.qt-project.org/online/qtsdkrepository/windows_x86/desktop/qt6_680/qt6_680/qt.qt6.680.win64_msvc2022_64/6.8.0-0-202410030750qtdeclarative-Windows-Windows_11_23H2-MSVC2022-Windows-Windows_11_23H2-X86_64.7z
2026-05-10 16:54:37,186 - aqt.helper - INFO - helper 14604 Redirected: www.nic.funet.fi
2026-05-10 16:54:37,190 - aqt.helper - DEBUG - helper 14192 Asked to redirect(302) to: https://ftp.fau.de/qtproject/online/qtsdkrepository/windows_x86/desktop/qt6_680/qt6_680/qt.qt6.680.win64_msvc2022_64/6.8.0-0-202410030750qttools-Windows-Windows_11_23H2-MSVC2022-Windows-Windows_11_23H2-X86_64.7z
2026-05-10 16:54:37,190 - aqt.helper - INFO - helper 14192 Redirected: ftp.fau.de
2026-05-10 16:54:38,176 - aqt.installer - INFO - installer 35080 Finished installation of qtsvg-Windows-Windows_11_23H2-MSVC2022-Windows-Windows_11_23H2-X86_64.7z in 1.98175670
2026-05-10 16:54:38,187 - aqt.helper - DEBUG - helper 35080 Attempt to download checksum at https://download.qt.io/online/qtsdkrepository/windows_x86/desktop/qt6_680/qt6_680/qt.qt6.680.win64_msvc2022_64/6.8.0-0-202410030750qttranslations-Windows-Windows_11_23H2-MSVC2022-Windows-Windows_11_23H2-X86_64.7z.sha256
2026-05-10 16:54:38,549 - aqt.helper - INFO - helper 35080 Downloading qttranslations...
2026-05-10 16:54:38,550 - aqt.installer - DEBUG - installer 35080 Download URL: https://download.qt.io/online/qtsdkrepository/windows_x86/desktop/qt6_680/qt6_680/qt.qt6.680.win64_msvc2022_64/6.8.0-0-202410030750qttranslations-Windows-Windows_11_23H2-MSVC2022-Windows-Windows_11_23H2-X86_64.7z
2026-05-10 16:54:38,921 - aqt.helper - DEBUG - helper 35080 Asked to redirect(302) to: https://www.nic.funet.fi/pub/mirrors/download.qt-project.org/online/qtsdkrepository/windows_x86/desktop/qt6_680/qt6_680/qt.qt6.680.win64_msvc2022_64/6.8.0-0-202410030750qttranslations-Windows-Windows_11_23H2-MSVC2022-Windows-Windows_11_23H2-X86_64.7z
2026-05-10 16:54:38,921 - aqt.helper - INFO - helper 35080 Redirected: www.nic.funet.fi
2026-05-10 16:54:39,910 - aqt.installer - INFO - installer 35080 Finished installation of qttranslations-Windows-Windows_11_23H2-MSVC2022-Windows-Windows_11_23H2-X86_64.7z in 1.72385620
2026-05-10 16:54:39,921 - aqt.helper - DEBUG - helper 35080 Attempt to download checksum at https://download.qt.io/online/qtsdkrepository/windows_x86/desktop/qt6_680/qt6_680/qt.qt6.680.win64_msvc2022_64/6.8.0-0-202410030750d3dcompiler_47-x64.7z.sha256
2026-05-10 16:54:40,274 - aqt.helper - INFO - helper 35080 Downloading d3dcompiler_47...
2026-05-10 16:54:40,274 - aqt.installer - DEBUG - installer 35080 Download URL: https://download.qt.io/online/qtsdkrepository/windows_x86/desktop/qt6_680/qt6_680/qt.qt6.680.win64_msvc2022_64/6.8.0-0-202410030750d3dcompiler_47-x64.7z
2026-05-10 16:54:40,481 - aqt.installer - INFO - installer 14192 Finished installation of qttools-Windows-Windows_11_23H2-MSVC2022-Windows-Windows_11_23H2-X86_64.7z in 4.28266070
2026-05-10 16:54:40,493 - aqt.helper - DEBUG - helper 14192 Attempt to download checksum at https://download.qt.io/online/qtsdkrepository/windows_x86/desktop/qt6_680/qt6_680/qt.qt6.680.win64_msvc2022_64/6.8.0-0-202410030750opengl32sw-64-mesa_11_2_2-signed_sha256.7z.sha256
2026-05-10 16:54:40,627 - aqt.helper - DEBUG - helper 35080 Asked to redirect(302) to: https://www.nic.funet.fi/pub/mirrors/download.qt-project.org/online/qtsdkrepository/windows_x86/desktop/qt6_680/qt6_680/qt.qt6.680.win64_msvc2022_64/6.8.0-0-202410030750d3dcompiler_47-x64.7z
2026-05-10 16:54:40,627 - aqt.helper - INFO - helper 35080 Redirected: www.nic.funet.fi
2026-05-10 16:54:40,874 - aqt.helper - INFO - helper 14192 Downloading opengl32sw...
2026-05-10 16:54:40,874 - aqt.installer - DEBUG - installer 14192 Download URL: https://download.qt.io/online/qtsdkrepository/windows_x86/desktop/qt6_680/qt6_680/qt.qt6.680.win64_msvc2022_64/6.8.0-0-202410030750opengl32sw-64-mesa_11_2_2-signed_sha256.7z
2026-05-10 16:54:41,247 - aqt.helper - DEBUG - helper 14192 Asked to redirect(302) to: https://www.nic.funet.fi/pub/mirrors/download.qt-project.org/online/qtsdkrepository/windows_x86/desktop/qt6_680/qt6_680/qt.qt6.680.win64_msvc2022_64/6.8.0-0-202410030750opengl32sw-64-mesa_11_2_2-signed_sha256.7z
2026-05-10 16:54:41,247 - aqt.helper - INFO - helper 14192 Redirected: www.nic.funet.fi
2026-05-10 16:54:41,404 - aqt.installer - INFO - installer 35080 Finished installation of d3dcompiler_47-x64.7z in 1.48410900
2026-05-10 16:54:43,311 - aqt.installer - INFO - installer 14192 Finished installation of opengl32sw-64-mesa_11_2_2-signed_sha256.7z in 2.81979660
2026-05-10 16:54:50,298 - aqt.installer - INFO - installer 37512 Finished installation of qtbase-Windows-Windows_11_23H2-MSVC2022-Windows-Windows_11_23H2-X86_64.7z in 14.10328430
2026-05-10 16:55:19,082 - aqt.installer - INFO - installer 14604 Finished installation of qtdeclarative-Windows-Windows_11_23H2-MSVC2022-Windows-Windows_11_23H2-X86_64.7z in 42.88749240
2026-05-10 16:55:19,220 - aqt.updater - INFO - updater 15464 Patching C:\Users\nikit\BeeLibrary-dependencies\android\qt\6.8.0\msvc2022_64\bin\qmake.exe
2026-05-10 16:55:19,223 - aqt.updater - INFO - updater 15464 Patching C:\Users\nikit\BeeLibrary-dependencies\android\qt\6.8.0\msvc2022_64\lib\Qt6Concurrent.prl
2026-05-10 16:55:19,228 - aqt.updater - INFO - updater 15464 Patching C:\Users\nikit\BeeLibrary-dependencies\android\qt\6.8.0\msvc2022_64\lib\Qt6Concurrentd.prl
2026-05-10 16:55:19,232 - aqt.updater - INFO - updater 15464 Patching C:\Users\nikit\BeeLibrary-dependencies\android\qt\6.8.0\msvc2022_64\lib\Qt6Core.prl
2026-05-10 16:55:19,236 - aqt.updater - INFO - updater 15464 Patching C:\Users\nikit\BeeLibrary-dependencies\android\qt\6.8.0\msvc2022_64\lib\Qt6Cored.prl
2026-05-10 16:55:19,240 - aqt.updater - INFO - updater 15464 Patching C:\Users\nikit\BeeLibrary-dependencies\android\qt\6.8.0\msvc2022_64\lib\Qt6DBus.prl
2026-05-10 16:55:19,244 - aqt.updater - INFO - updater 15464 Patching C:\Users\nikit\BeeLibrary-dependencies\android\qt\6.8.0\msvc2022_64\lib\Qt6DBusd.prl
2026-05-10 16:55:19,248 - aqt.updater - INFO - updater 15464 Patching C:\Users\nikit\BeeLibrary-dependencies\android\qt\6.8.0\msvc2022_64\lib\Qt6Designer.prl
2026-05-10 16:55:19,252 - aqt.updater - INFO - updater 15464 Patching C:\Users\nikit\BeeLibrary-dependencies\android\qt\6.8.0\msvc2022_64\lib\Qt6DesignerComponents.prl
2026-05-10 16:55:19,256 - aqt.updater - INFO - updater 15464 Patching C:\Users\nikit\BeeLibrary-dependencies\android\qt\6.8.0\msvc2022_64\lib\Qt6DesignerComponentsd.prl
2026-05-10 16:55:19,260 - aqt.updater - INFO - updater 15464 Patching C:\Users\nikit\BeeLibrary-dependencies\android\qt\6.8.0\msvc2022_64\lib\Qt6Designerd.prl
2026-05-10 16:55:19,264 - aqt.updater - INFO - updater 15464 Patching C:\Users\nikit\BeeLibrary-dependencies\android\qt\6.8.0\msvc2022_64\lib\Qt6DeviceDiscoverySupport.prl
2026-05-10 16:55:19,268 - aqt.updater - INFO - updater 15464 Patching C:\Users\nikit\BeeLibrary-dependencies\android\qt\6.8.0\msvc2022_64\lib\Qt6DeviceDiscoverySupportd.prl
2026-05-10 16:55:19,272 - aqt.updater - INFO - updater 15464 Patching C:\Users\nikit\BeeLibrary-dependencies\android\qt\6.8.0\msvc2022_64\lib\Qt6EntryPoint.prl
2026-05-10 16:55:19,276 - aqt.updater - INFO - updater 15464 Patching C:\Users\nikit\BeeLibrary-dependencies\android\qt\6.8.0\msvc2022_64\lib\Qt6EntryPointd.prl
2026-05-10 16:55:19,280 - aqt.updater - INFO - updater 15464 Patching C:\Users\nikit\BeeLibrary-dependencies\android\qt\6.8.0\msvc2022_64\lib\Qt6ExampleIcons.prl
2026-05-10 16:55:19,284 - aqt.updater - INFO - updater 15464 Patching C:\Users\nikit\BeeLibrary-dependencies\android\qt\6.8.0\msvc2022_64\lib\Qt6ExampleIconsd.prl
2026-05-10 16:55:19,288 - aqt.updater - INFO - updater 15464 Patching C:\Users\nikit\BeeLibrary-dependencies\android\qt\6.8.0\msvc2022_64\lib\Qt6ExamplesAssetDownloader.prl
2026-05-10 16:55:19,292 - aqt.updater - INFO - updater 15464 Patching C:\Users\nikit\BeeLibrary-dependencies\android\qt\6.8.0\msvc2022_64\lib\Qt6ExamplesAssetDownloaderd.prl
2026-05-10 16:55:19,296 - aqt.updater - INFO - updater 15464 Patching C:\Users\nikit\BeeLibrary-dependencies\android\qt\6.8.0\msvc2022_64\lib\Qt6FbSupport.prl
2026-05-10 16:55:19,300 - aqt.updater - INFO - updater 15464 Patching C:\Users\nikit\BeeLibrary-dependencies\android\qt\6.8.0\msvc2022_64\lib\Qt6FbSupportd.prl
2026-05-10 16:55:19,304 - aqt.updater - INFO - updater 15464 Patching C:\Users\nikit\BeeLibrary-dependencies\android\qt\6.8.0\msvc2022_64\lib\Qt6Gui.prl
2026-05-10 16:55:19,308 - aqt.updater - INFO - updater 15464 Patching C:\Users\nikit\BeeLibrary-dependencies\android\qt\6.8.0\msvc2022_64\lib\Qt6Guid.prl
2026-05-10 16:55:19,312 - aqt.updater - INFO - updater 15464 Patching C:\Users\nikit\BeeLibrary-dependencies\android\qt\6.8.0\msvc2022_64\lib\Qt6Help.prl
2026-05-10 16:55:19,316 - aqt.updater - INFO - updater 15464 Patching C:\Users\nikit\BeeLibrary-dependencies\android\qt\6.8.0\msvc2022_64\lib\Qt6Helpd.prl
2026-05-10 16:55:19,320 - aqt.updater - INFO - updater 15464 Patching C:\Users\nikit\BeeLibrary-dependencies\android\qt\6.8.0\msvc2022_64\lib\Qt6LabsAnimation.prl
2026-05-10 16:55:19,324 - aqt.updater - INFO - updater 15464 Patching C:\Users\nikit\BeeLibrary-dependencies\android\qt\6.8.0\msvc2022_64\lib\Qt6LabsAnimationd.prl
2026-05-10 16:55:19,328 - aqt.updater - INFO - updater 15464 Patching C:\Users\nikit\BeeLibrary-dependencies\android\qt\6.8.0\msvc2022_64\lib\Qt6LabsFolderListModel.prl
2026-05-10 16:55:19,332 - aqt.updater - INFO - updater 15464 Patching C:\Users\nikit\BeeLibrary-dependencies\android\qt\6.8.0\msvc2022_64\lib\Qt6LabsFolderListModeld.prl
2026-05-10 16:55:19,336 - aqt.updater - INFO - updater 15464 Patching C:\Users\nikit\BeeLibrary-dependencies\android\qt\6.8.0\msvc2022_64\lib\Qt6LabsPlatform.prl
2026-05-10 16:55:19,340 - aqt.updater - INFO - updater 15464 Patching C:\Users\nikit\BeeLibrary-dependencies\android\qt\6.8.0\msvc2022_64\lib\Qt6LabsPlatformd.prl
2026-05-10 16:55:19,344 - aqt.updater - INFO - updater 15464 Patching C:\Users\nikit\BeeLibrary-dependencies\android\qt\6.8.0\msvc2022_64\lib\Qt6LabsQmlModels.prl
2026-05-10 16:55:19,348 - aqt.updater - INFO - updater 15464 Patching C:\Users\nikit\BeeLibrary-dependencies\android\qt\6.8.0\msvc2022_64\lib\Qt6LabsQmlModelsd.prl
2026-05-10 16:55:19,352 - aqt.updater - INFO - updater 15464 Patching C:\Users\nikit\BeeLibrary-dependencies\android\qt\6.8.0\msvc2022_64\lib\Qt6LabsSettings.prl
2026-05-10 16:55:19,356 - aqt.updater - INFO - updater 15464 Patching C:\Users\nikit\BeeLibrary-dependencies\android\qt\6.8.0\msvc2022_64\lib\Qt6LabsSettingsd.prl
2026-05-10 16:55:19,360 - aqt.updater - INFO - updater 15464 Patching C:\Users\nikit\BeeLibrary-dependencies\android\qt\6.8.0\msvc2022_64\lib\Qt6LabsSharedImage.prl
2026-05-10 16:55:19,364 - aqt.updater - INFO - updater 15464 Patching C:\Users\nikit\BeeLibrary-dependencies\android\qt\6.8.0\msvc2022_64\lib\Qt6LabsSharedImaged.prl
2026-05-10 16:55:19,368 - aqt.updater - INFO - updater 15464 Patching C:\Users\nikit\BeeLibrary-dependencies\android\qt\6.8.0\msvc2022_64\lib\Qt6LabsWavefrontMesh.prl
2026-05-10 16:55:19,372 - aqt.updater - INFO - updater 15464 Patching C:\Users\nikit\BeeLibrary-dependencies\android\qt\6.8.0\msvc2022_64\lib\Qt6LabsWavefrontMeshd.prl
2026-05-10 16:55:19,375 - aqt.updater - INFO - updater 15464 Patching C:\Users\nikit\BeeLibrary-dependencies\android\qt\6.8.0\msvc2022_64\lib\Qt6Network.prl
2026-05-10 16:55:19,379 - aqt.updater - INFO - updater 15464 Patching C:\Users\nikit\BeeLibrary-dependencies\android\qt\6.8.0\msvc2022_64\lib\Qt6Networkd.prl
2026-05-10 16:55:19,383 - aqt.updater - INFO - updater 15464 Patching C:\Users\nikit\BeeLibrary-dependencies\android\qt\6.8.0\msvc2022_64\lib\Qt6OpenGL.prl
2026-05-10 16:55:19,387 - aqt.updater - INFO - updater 15464 Patching C:\Users\nikit\BeeLibrary-dependencies\android\qt\6.8.0\msvc2022_64\lib\Qt6OpenGLd.prl
2026-05-10 16:55:19,391 - aqt.updater - INFO - updater 15464 Patching C:\Users\nikit\BeeLibrary-dependencies\android\qt\6.8.0\msvc2022_64\lib\Qt6OpenGLWidgets.prl
2026-05-10 16:55:19,395 - aqt.updater - INFO - updater 15464 Patching C:\Users\nikit\BeeLibrary-dependencies\android\qt\6.8.0\msvc2022_64\lib\Qt6OpenGLWidgetsd.prl
2026-05-10 16:55:19,399 - aqt.updater - INFO - updater 15464 Patching C:\Users\nikit\BeeLibrary-dependencies\android\qt\6.8.0\msvc2022_64\lib\Qt6PacketProtocol.prl
2026-05-10 16:55:19,403 - aqt.updater - INFO - updater 15464 Patching C:\Users\nikit\BeeLibrary-dependencies\android\qt\6.8.0\msvc2022_64\lib\Qt6PacketProtocold.prl
2026-05-10 16:55:19,407 - aqt.updater - INFO - updater 15464 Patching C:\Users\nikit\BeeLibrary-dependencies\android\qt\6.8.0\msvc2022_64\lib\Qt6PrintSupport.prl
2026-05-10 16:55:19,411 - aqt.updater - INFO - updater 15464 Patching C:\Users\nikit\BeeLibrary-dependencies\android\qt\6.8.0\msvc2022_64\lib\Qt6PrintSupportd.prl
2026-05-10 16:55:19,415 - aqt.updater - INFO - updater 15464 Patching C:\Users\nikit\BeeLibrary-dependencies\android\qt\6.8.0\msvc2022_64\lib\Qt6Qml.prl
2026-05-10 16:55:19,420 - aqt.updater - INFO - updater 15464 Patching C:\Users\nikit\BeeLibrary-dependencies\android\qt\6.8.0\msvc2022_64\lib\Qt6QmlAssetDownloader.prl
2026-05-10 16:55:19,425 - aqt.updater - INFO - updater 15464 Patching C:\Users\nikit\BeeLibrary-dependencies\android\qt\6.8.0\msvc2022_64\lib\Qt6QmlAssetDownloaderd.prl
2026-05-10 16:55:19,430 - aqt.updater - INFO - updater 15464 Patching C:\Users\nikit\BeeLibrary-dependencies\android\qt\6.8.0\msvc2022_64\lib\Qt6QmlCompiler.prl
2026-05-10 16:55:19,435 - aqt.updater - INFO - updater 15464 Patching C:\Users\nikit\BeeLibrary-dependencies\android\qt\6.8.0\msvc2022_64\lib\Qt6QmlCompilerd.prl
2026-05-10 16:55:19,439 - aqt.updater - INFO - updater 15464 Patching C:\Users\nikit\BeeLibrary-dependencies\android\qt\6.8.0\msvc2022_64\lib\Qt6QmlCore.prl
2026-05-10 16:55:19,443 - aqt.updater - INFO - updater 15464 Patching C:\Users\nikit\BeeLibrary-dependencies\android\qt\6.8.0\msvc2022_64\lib\Qt6QmlCored.prl
2026-05-10 16:55:19,448 - aqt.updater - INFO - updater 15464 Patching C:\Users\nikit\BeeLibrary-dependencies\android\qt\6.8.0\msvc2022_64\lib\Qt6Qmld.prl
2026-05-10 16:55:19,453 - aqt.updater - INFO - updater 15464 Patching C:\Users\nikit\BeeLibrary-dependencies\android\qt\6.8.0\msvc2022_64\lib\Qt6QmlDebug.prl
2026-05-10 16:55:19,458 - aqt.updater - INFO - updater 15464 Patching C:\Users\nikit\BeeLibrary-dependencies\android\qt\6.8.0\msvc2022_64\lib\Qt6QmlDebugd.prl
2026-05-10 16:55:19,463 - aqt.updater - INFO - updater 15464 Patching C:\Users\nikit\BeeLibrary-dependencies\android\qt\6.8.0\msvc2022_64\lib\Qt6QmlDom.prl
2026-05-10 16:55:19,468 - aqt.updater - INFO - updater 15464 Patching C:\Users\nikit\BeeLibrary-dependencies\android\qt\6.8.0\msvc2022_64\lib\Qt6QmlDomd.prl
2026-05-10 16:55:19,473 - aqt.updater - INFO - updater 15464 Patching C:\Users\nikit\BeeLibrary-dependencies\android\qt\6.8.0\msvc2022_64\lib\Qt6QmlLocalStorage.prl
2026-05-10 16:55:19,478 - aqt.updater - INFO - updater 15464 Patching C:\Users\nikit\BeeLibrary-dependencies\android\qt\6.8.0\msvc2022_64\lib\Qt6QmlLocalStoraged.prl
2026-05-10 16:55:19,483 - aqt.updater - INFO - updater 15464 Patching C:\Users\nikit\BeeLibrary-dependencies\android\qt\6.8.0\msvc2022_64\lib\Qt6QmlLS.prl
2026-05-10 16:55:19,488 - aqt.updater - INFO - updater 15464 Patching C:\Users\nikit\BeeLibrary-dependencies\android\qt\6.8.0\msvc2022_64\lib\Qt6QmlLSd.prl
2026-05-10 16:55:19,493 - aqt.updater - INFO - updater 15464 Patching C:\Users\nikit\BeeLibrary-dependencies\android\qt\6.8.0\msvc2022_64\lib\Qt6QmlMeta.prl
2026-05-10 16:55:19,498 - aqt.updater - INFO - updater 15464 Patching C:\Users\nikit\BeeLibrary-dependencies\android\qt\6.8.0\msvc2022_64\lib\Qt6QmlMetad.prl
2026-05-10 16:55:19,503 - aqt.updater - INFO - updater 15464 Patching C:\Users\nikit\BeeLibrary-dependencies\android\qt\6.8.0\msvc2022_64\lib\Qt6QmlModels.prl
2026-05-10 16:55:19,508 - aqt.updater - INFO - updater 15464 Patching C:\Users\nikit\BeeLibrary-dependencies\android\qt\6.8.0\msvc2022_64\lib\Qt6QmlModelsd.prl
2026-05-10 16:55:19,513 - aqt.updater - INFO - updater 15464 Patching C:\Users\nikit\BeeLibrary-dependencies\android\qt\6.8.0\msvc2022_64\lib\Qt6QmlNetwork.prl
2026-05-10 16:55:19,518 - aqt.updater - INFO - updater 15464 Patching C:\Users\nikit\BeeLibrary-dependencies\android\qt\6.8.0\msvc2022_64\lib\Qt6QmlNetworkd.prl
2026-05-10 16:55:19,523 - aqt.updater - INFO - updater 15464 Patching C:\Users\nikit\BeeLibrary-dependencies\android\qt\6.8.0\msvc2022_64\lib\Qt6QmlToolingSettings.prl
2026-05-10 16:55:19,527 - aqt.updater - INFO - updater 15464 Patching C:\Users\nikit\BeeLibrary-dependencies\android\qt\6.8.0\msvc2022_64\lib\Qt6QmlToolingSettingsd.prl
2026-05-10 16:55:19,533 - aqt.updater - INFO - updater 15464 Patching C:\Users\nikit\BeeLibrary-dependencies\android\qt\6.8.0\msvc2022_64\lib\Qt6QmlTypeRegistrar.prl
2026-05-10 16:55:19,538 - aqt.updater - INFO - updater 15464 Patching C:\Users\nikit\BeeLibrary-dependencies\android\qt\6.8.0\msvc2022_64\lib\Qt6QmlTypeRegistrard.prl
2026-05-10 16:55:19,543 - aqt.updater - INFO - updater 15464 Patching C:\Users\nikit\BeeLibrary-dependencies\android\qt\6.8.0\msvc2022_64\lib\Qt6QmlWorkerScript.prl
2026-05-10 16:55:19,547 - aqt.updater - INFO - updater 15464 Patching C:\Users\nikit\BeeLibrary-dependencies\android\qt\6.8.0\msvc2022_64\lib\Qt6QmlWorkerScriptd.prl
2026-05-10 16:55:19,552 - aqt.updater - INFO - updater 15464 Patching C:\Users\nikit\BeeLibrary-dependencies\android\qt\6.8.0\msvc2022_64\lib\Qt6QmlXmlListModel.prl
2026-05-10 16:55:19,557 - aqt.updater - INFO - updater 15464 Patching C:\Users\nikit\BeeLibrary-dependencies\android\qt\6.8.0\msvc2022_64\lib\Qt6QmlXmlListModeld.prl
2026-05-10 16:55:19,562 - aqt.updater - INFO - updater 15464 Patching C:\Users\nikit\BeeLibrary-dependencies\android\qt\6.8.0\msvc2022_64\lib\Qt6Quick.prl
2026-05-10 16:55:19,567 - aqt.updater - INFO - updater 15464 Patching C:\Users\nikit\BeeLibrary-dependencies\android\qt\6.8.0\msvc2022_64\lib\Qt6QuickControls2.prl
2026-05-10 16:55:19,571 - aqt.updater - INFO - updater 15464 Patching C:\Users\nikit\BeeLibrary-dependencies\android\qt\6.8.0\msvc2022_64\lib\Qt6QuickControls2Basic.prl
2026-05-10 16:55:19,576 - aqt.updater - INFO - updater 15464 Patching C:\Users\nikit\BeeLibrary-dependencies\android\qt\6.8.0\msvc2022_64\lib\Qt6QuickControls2Basicd.prl
2026-05-10 16:55:19,581 - aqt.updater - INFO - updater 15464 Patching C:\Users\nikit\BeeLibrary-dependencies\android\qt\6.8.0\msvc2022_64\lib\Qt6QuickControls2BasicStyleImpl.prl
2026-05-10 16:55:19,586 - aqt.updater - INFO - updater 15464 Patching C:\Users\nikit\BeeLibrary-dependencies\android\qt\6.8.0\msvc2022_64\lib\Qt6QuickControls2BasicStyleImpld.prl
2026-05-10 16:55:19,591 - aqt.updater - INFO - updater 15464 Patching C:\Users\nikit\BeeLibrary-dependencies\android\qt\6.8.0\msvc2022_64\lib\Qt6QuickControls2d.prl
2026-05-10 16:55:19,596 - aqt.updater - INFO - updater 15464 Patching C:\Users\nikit\BeeLibrary-dependencies\android\qt\6.8.0\msvc2022_64\lib\Qt6QuickControls2FluentWinUI3StyleImpl.prl
2026-05-10 16:55:19,601 - aqt.updater - INFO - updater 15464 Patching C:\Users\nikit\BeeLibrary-dependencies\android\qt\6.8.0\msvc2022_64\lib\Qt6QuickControls2FluentWinUI3StyleImpld.prl
2026-05-10 16:55:19,606 - aqt.updater - INFO - updater 15464 Patching C:\Users\nikit\BeeLibrary-dependencies\android\qt\6.8.0\msvc2022_64\lib\Qt6QuickControls2Fusion.prl
2026-05-10 16:55:19,611 - aqt.updater - INFO - updater 15464 Patching C:\Users\nikit\BeeLibrary-dependencies\android\qt\6.8.0\msvc2022_64\lib\Qt6QuickControls2Fusiond.prl
2026-05-10 16:55:19,616 - aqt.updater - INFO - updater 15464 Patching C:\Users\nikit\BeeLibrary-dependencies\android\qt\6.8.0\msvc2022_64\lib\Qt6QuickControls2FusionStyleImpl.prl
2026-05-10 16:55:19,621 - aqt.updater - INFO - updater 15464 Patching C:\Users\nikit\BeeLibrary-dependencies\android\qt\6.8.0\msvc2022_64\lib\Qt6QuickControls2FusionStyleImpld.prl
2026-05-10 16:55:19,626 - aqt.updater - INFO - updater 15464 Patching C:\Users\nikit\BeeLibrary-dependencies\android\qt\6.8.0\msvc2022_64\lib\Qt6QuickControls2Imagine.prl
2026-05-10 16:55:19,630 - aqt.updater - INFO - updater 15464 Patching C:\Users\nikit\BeeLibrary-dependencies\android\qt\6.8.0\msvc2022_64\lib\Qt6QuickControls2Imagined.prl
2026-05-10 16:55:19,635 - aqt.updater - INFO - updater 15464 Patching C:\Users\nikit\BeeLibrary-dependencies\android\qt\6.8.0\msvc2022_64\lib\Qt6QuickControls2ImagineStyleImpl.prl
2026-05-10 16:55:19,640 - aqt.updater - INFO - updater 15464 Patching C:\Users\nikit\BeeLibrary-dependencies\android\qt\6.8.0\msvc2022_64\lib\Qt6QuickControls2ImagineStyleImpld.prl
2026-05-10 16:55:19,645 - aqt.updater - INFO - updater 15464 Patching C:\Users\nikit\BeeLibrary-dependencies\android\qt\6.8.0\msvc2022_64\lib\Qt6QuickControls2Impl.prl
2026-05-10 16:55:19,650 - aqt.updater - INFO - updater 15464 Patching C:\Users\nikit\BeeLibrary-dependencies\android\qt\6.8.0\msvc2022_64\lib\Qt6QuickControls2Impld.prl
2026-05-10 16:55:19,654 - aqt.updater - INFO - updater 15464 Patching C:\Users\nikit\BeeLibrary-dependencies\android\qt\6.8.0\msvc2022_64\lib\Qt6QuickControls2Material.prl
2026-05-10 16:55:19,659 - aqt.updater - INFO - updater 15464 Patching C:\Users\nikit\BeeLibrary-dependencies\android\qt\6.8.0\msvc2022_64\lib\Qt6QuickControls2Materiald.prl
2026-05-10 16:55:19,664 - aqt.updater - INFO - updater 15464 Patching C:\Users\nikit\BeeLibrary-dependencies\android\qt\6.8.0\msvc2022_64\lib\Qt6QuickControls2MaterialStyleImpl.prl
2026-05-10 16:55:19,668 - aqt.updater - INFO - updater 15464 Patching C:\Users\nikit\BeeLibrary-dependencies\android\qt\6.8.0\msvc2022_64\lib\Qt6QuickControls2MaterialStyleImpld.prl
2026-05-10 16:55:19,673 - aqt.updater - INFO - updater 15464 Patching C:\Users\nikit\BeeLibrary-dependencies\android\qt\6.8.0\msvc2022_64\lib\Qt6QuickControls2Universal.prl
2026-05-10 16:55:19,677 - aqt.updater - INFO - updater 15464 Patching C:\Users\nikit\BeeLibrary-dependencies\android\qt\6.8.0\msvc2022_64\lib\Qt6QuickControls2Universald.prl
2026-05-10 16:55:19,682 - aqt.updater - INFO - updater 15464 Patching C:\Users\nikit\BeeLibrary-dependencies\android\qt\6.8.0\msvc2022_64\lib\Qt6QuickControls2UniversalStyleImpl.prl
2026-05-10 16:55:19,687 - aqt.updater - INFO - updater 15464 Patching C:\Users\nikit\BeeLibrary-dependencies\android\qt\6.8.0\msvc2022_64\lib\Qt6QuickControls2UniversalStyleImpld.prl
2026-05-10 16:55:19,692 - aqt.updater - INFO - updater 15464 Patching C:\Users\nikit\BeeLibrary-dependencies\android\qt\6.8.0\msvc2022_64\lib\Qt6QuickControls2WindowsStyleImpl.prl
2026-05-10 16:55:19,697 - aqt.updater - INFO - updater 15464 Patching C:\Users\nikit\BeeLibrary-dependencies\android\qt\6.8.0\msvc2022_64\lib\Qt6QuickControls2WindowsStyleImpld.prl
2026-05-10 16:55:19,701 - aqt.updater - INFO - updater 15464 Patching C:\Users\nikit\BeeLibrary-dependencies\android\qt\6.8.0\msvc2022_64\lib\Qt6QuickControlsTestUtils.prl
2026-05-10 16:55:19,706 - aqt.updater - INFO - updater 15464 Patching C:\Users\nikit\BeeLibrary-dependencies\android\qt\6.8.0\msvc2022_64\lib\Qt6QuickControlsTestUtilsd.prl
2026-05-10 16:55:19,712 - aqt.updater - INFO - updater 15464 Patching C:\Users\nikit\BeeLibrary-dependencies\android\qt\6.8.0\msvc2022_64\lib\Qt6Quickd.prl
2026-05-10 16:55:19,717 - aqt.updater - INFO - updater 15464 Patching C:\Users\nikit\BeeLibrary-dependencies\android\qt\6.8.0\msvc2022_64\lib\Qt6QuickDialogs2.prl
2026-05-10 16:55:19,721 - aqt.updater - INFO - updater 15464 Patching C:\Users\nikit\BeeLibrary-dependencies\android\qt\6.8.0\msvc2022_64\lib\Qt6QuickDialogs2d.prl
2026-05-10 16:55:19,725 - aqt.updater - INFO - updater 15464 Patching C:\Users\nikit\BeeLibrary-dependencies\android\qt\6.8.0\msvc2022_64\lib\Qt6QuickDialogs2QuickImpl.prl
2026-05-10 16:55:19,730 - aqt.updater - INFO - updater 15464 Patching C:\Users\nikit\BeeLibrary-dependencies\android\qt\6.8.0\msvc2022_64\lib\Qt6QuickDialogs2QuickImpld.prl
2026-05-10 16:55:19,734 - aqt.updater - INFO - updater 15464 Patching C:\Users\nikit\BeeLibrary-dependencies\android\qt\6.8.0\msvc2022_64\lib\Qt6QuickDialogs2Utils.prl
2026-05-10 16:55:19,739 - aqt.updater - INFO - updater 15464 Patching C:\Users\nikit\BeeLibrary-dependencies\android\qt\6.8.0\msvc2022_64\lib\Qt6QuickDialogs2Utilsd.prl
2026-05-10 16:55:19,744 - aqt.updater - INFO - updater 15464 Patching C:\Users\nikit\BeeLibrary-dependencies\android\qt\6.8.0\msvc2022_64\lib\Qt6QuickEffects.prl
2026-05-10 16:55:19,748 - aqt.updater - INFO - updater 15464 Patching C:\Users\nikit\BeeLibrary-dependencies\android\qt\6.8.0\msvc2022_64\lib\Qt6QuickEffectsd.prl
2026-05-10 16:55:19,753 - aqt.updater - INFO - updater 15464 Patching C:\Users\nikit\BeeLibrary-dependencies\android\qt\6.8.0\msvc2022_64\lib\Qt6QuickLayouts.prl
2026-05-10 16:55:19,757 - aqt.updater - INFO - updater 15464 Patching C:\Users\nikit\BeeLibrary-dependencies\android\qt\6.8.0\msvc2022_64\lib\Qt6QuickLayoutsd.prl
2026-05-10 16:55:19,762 - aqt.updater - INFO - updater 15464 Patching C:\Users\nikit\BeeLibrary-dependencies\android\qt\6.8.0\msvc2022_64\lib\Qt6QuickParticles.prl
2026-05-10 16:55:19,767 - aqt.updater - INFO - updater 15464 Patching C:\Users\nikit\BeeLibrary-dependencies\android\qt\6.8.0\msvc2022_64\lib\Qt6QuickParticlesd.prl
2026-05-10 16:55:19,771 - aqt.updater - INFO - updater 15464 Patching C:\Users\nikit\BeeLibrary-dependencies\android\qt\6.8.0\msvc2022_64\lib\Qt6QuickShapes.prl
2026-05-10 16:55:19,776 - aqt.updater - INFO - updater 15464 Patching C:\Users\nikit\BeeLibrary-dependencies\android\qt\6.8.0\msvc2022_64\lib\Qt6QuickShapesd.prl
2026-05-10 16:55:19,780 - aqt.updater - INFO - updater 15464 Patching C:\Users\nikit\BeeLibrary-dependencies\android\qt\6.8.0\msvc2022_64\lib\Qt6QuickTemplates2.prl
2026-05-10 16:55:19,785 - aqt.updater - INFO - updater 15464 Patching C:\Users\nikit\BeeLibrary-dependencies\android\qt\6.8.0\msvc2022_64\lib\Qt6QuickTemplates2d.prl
2026-05-10 16:55:19,790 - aqt.updater - INFO - updater 15464 Patching C:\Users\nikit\BeeLibrary-dependencies\android\qt\6.8.0\msvc2022_64\lib\Qt6QuickTest.prl
2026-05-10 16:55:19,794 - aqt.updater - INFO - updater 15464 Patching C:\Users\nikit\BeeLibrary-dependencies\android\qt\6.8.0\msvc2022_64\lib\Qt6QuickTestd.prl
2026-05-10 16:55:19,799 - aqt.updater - INFO - updater 15464 Patching C:\Users\nikit\BeeLibrary-dependencies\android\qt\6.8.0\msvc2022_64\lib\Qt6QuickTestUtils.prl
2026-05-10 16:55:19,804 - aqt.updater - INFO - updater 15464 Patching C:\Users\nikit\BeeLibrary-dependencies\android\qt\6.8.0\msvc2022_64\lib\Qt6QuickTestUtilsd.prl
2026-05-10 16:55:19,809 - aqt.updater - INFO - updater 15464 Patching C:\Users\nikit\BeeLibrary-dependencies\android\qt\6.8.0\msvc2022_64\lib\Qt6QuickVectorImage.prl
2026-05-10 16:55:19,814 - aqt.updater - INFO - updater 15464 Patching C:\Users\nikit\BeeLibrary-dependencies\android\qt\6.8.0\msvc2022_64\lib\Qt6QuickVectorImaged.prl
2026-05-10 16:55:19,818 - aqt.updater - INFO - updater 15464 Patching C:\Users\nikit\BeeLibrary-dependencies\android\qt\6.8.0\msvc2022_64\lib\Qt6QuickVectorImageGenerator.prl
2026-05-10 16:55:19,823 - aqt.updater - INFO - updater 15464 Patching C:\Users\nikit\BeeLibrary-dependencies\android\qt\6.8.0\msvc2022_64\lib\Qt6QuickVectorImageGeneratord.prl
2026-05-10 16:55:19,827 - aqt.updater - INFO - updater 15464 Patching C:\Users\nikit\BeeLibrary-dependencies\android\qt\6.8.0\msvc2022_64\lib\Qt6QuickWidgets.prl
2026-05-10 16:55:19,832 - aqt.updater - INFO - updater 15464 Patching C:\Users\nikit\BeeLibrary-dependencies\android\qt\6.8.0\msvc2022_64\lib\Qt6QuickWidgetsd.prl
2026-05-10 16:55:19,837 - aqt.updater - INFO - updater 15464 Patching C:\Users\nikit\BeeLibrary-dependencies\android\qt\6.8.0\msvc2022_64\lib\Qt6Sql.prl
2026-05-10 16:55:19,841 - aqt.updater - INFO - updater 15464 Patching C:\Users\nikit\BeeLibrary-dependencies\android\qt\6.8.0\msvc2022_64\lib\Qt6Sqld.prl
2026-05-10 16:55:19,845 - aqt.updater - INFO - updater 15464 Patching C:\Users\nikit\BeeLibrary-dependencies\android\qt\6.8.0\msvc2022_64\lib\Qt6Svg.prl
2026-05-10 16:55:19,849 - aqt.updater - INFO - updater 15464 Patching C:\Users\nikit\BeeLibrary-dependencies\android\qt\6.8.0\msvc2022_64\lib\Qt6Svgd.prl
2026-05-10 16:55:19,854 - aqt.updater - INFO - updater 15464 Patching C:\Users\nikit\BeeLibrary-dependencies\android\qt\6.8.0\msvc2022_64\lib\Qt6SvgWidgets.prl
2026-05-10 16:55:19,858 - aqt.updater - INFO - updater 15464 Patching C:\Users\nikit\BeeLibrary-dependencies\android\qt\6.8.0\msvc2022_64\lib\Qt6SvgWidgetsd.prl
2026-05-10 16:55:19,864 - aqt.updater - INFO - updater 15464 Patching C:\Users\nikit\BeeLibrary-dependencies\android\qt\6.8.0\msvc2022_64\lib\Qt6Test.prl
2026-05-10 16:55:19,868 - aqt.updater - INFO - updater 15464 Patching C:\Users\nikit\BeeLibrary-dependencies\android\qt\6.8.0\msvc2022_64\lib\Qt6Testd.prl
2026-05-10 16:55:19,872 - aqt.updater - INFO - updater 15464 Patching C:\Users\nikit\BeeLibrary-dependencies\android\qt\6.8.0\msvc2022_64\lib\Qt6UiTools.prl
2026-05-10 16:55:19,877 - aqt.updater - INFO - updater 15464 Patching C:\Users\nikit\BeeLibrary-dependencies\android\qt\6.8.0\msvc2022_64\lib\Qt6UiToolsd.prl
2026-05-10 16:55:19,883 - aqt.updater - INFO - updater 15464 Patching C:\Users\nikit\BeeLibrary-dependencies\android\qt\6.8.0\msvc2022_64\lib\Qt6Widgets.prl
2026-05-10 16:55:19,888 - aqt.updater - INFO - updater 15464 Patching C:\Users\nikit\BeeLibrary-dependencies\android\qt\6.8.0\msvc2022_64\lib\Qt6Widgetsd.prl
2026-05-10 16:55:19,893 - aqt.updater - INFO - updater 15464 Patching C:\Users\nikit\BeeLibrary-dependencies\android\qt\6.8.0\msvc2022_64\lib\Qt6Xml.prl
2026-05-10 16:55:19,898 - aqt.updater - INFO - updater 15464 Patching C:\Users\nikit\BeeLibrary-dependencies\android\qt\6.8.0\msvc2022_64\lib\Qt6Xmld.prl
2026-05-10 16:55:19,905 - aqt.main - INFO - installer 15464 Finished installation
2026-05-10 16:55:19,905 - aqt.main - INFO - installer 15464 Time elapsed: 46.30392660 second
2026-05-10 16:55:20,210 - aqt.main - INFO - installer 30276 aqtinstall(aqt) v3.3.0 on Python 3.14.3 [CPython MSC v.1944 64 bit (AMD64)]
2026-05-10 16:55:20,211 - aqt.helper - DEBUG - helper 30276 Attempt to download checksum at https://download.qt.io/online/qtsdkrepository/windows_x86/desktop/qt6_680/qt6_680/Updates.xml.sha256
2026-05-10 16:55:20,981 - aqt.main - WARNING - installer 30276 You are installing the android version of Qt, which requires that the desktop version of Qt is also installed. You can install it with the following command:
          `aqt install-qt windows desktop 6.8.0 win64_mingw`
2026-05-10 16:55:20,981 - aqt.helper - DEBUG - helper 30276 Attempt to download checksum at https://download.qt.io/online/qtsdkrepository/all_os/android/qt6_680/qt6_680_arm64_v8a/Updates.xml.sha256
2026-05-10 16:55:21,716 - aqt.helper - DEBUG - helper 30276 Attempt to download checksum at https://download.qt.io/online/qtsdkrepository/all_os/extensions/qtwebengine/680/android_arm64_v8a/Updates.xml.sha256
2026-05-10 16:55:22,092 - aqt.helper - DEBUG - helper 30276 Attempt to download checksum at https://download.qt.io/online/qtsdkrepository/all_os/extensions/qtwebengine/680/android_arm64_v8a/Updates.xml.sha256
2026-05-10 16:55:22,437 - aqt.helper - DEBUG - helper 30276 Attempt to download checksum at https://download.qt.io/online/qtsdkrepository/all_os/extensions/qtwebengine/680/android_arm64_v8a/Updates.xml.sha256
2026-05-10 16:55:22,809 - aqt.helper - DEBUG - helper 30276 Attempt to download checksum at https://download.qt.io/online/qtsdkrepository/all_os/extensions/qtwebengine/680/android_arm64_v8a/Updates.xml.sha256
2026-05-10 16:55:23,174 - aqt.helper - DEBUG - helper 30276 Attempt to download checksum at https://download.qt.io/online/qtsdkrepository/all_os/extensions/qtwebengine/680/android_arm64_v8a/Updates.xml.sha256
2026-05-10 16:55:23,530 - aqt.helper - DEBUG - helper 30276 Attempt to download checksum at https://download.qt.io/online/qtsdkrepository/all_os/extensions/qtpdf/680/android_arm64_v8a/Updates.xml.sha256
2026-05-10 16:55:23,894 - aqt.helper - DEBUG - helper 30276 Attempt to download checksum at https://download.qt.io/online/qtsdkrepository/all_os/extensions/qtpdf/680/android_arm64_v8a/Updates.xml.sha256
2026-05-10 16:55:24,257 - aqt.helper - DEBUG - helper 30276 Attempt to download checksum at https://download.qt.io/online/qtsdkrepository/all_os/extensions/qtpdf/680/android_arm64_v8a/Updates.xml.sha256
2026-05-10 16:55:24,622 - aqt.helper - DEBUG - helper 30276 Attempt to download checksum at https://download.qt.io/online/qtsdkrepository/all_os/extensions/qtpdf/680/android_arm64_v8a/Updates.xml.sha256
2026-05-10 16:55:24,980 - aqt.helper - DEBUG - helper 30276 Attempt to download checksum at https://download.qt.io/online/qtsdkrepository/all_os/extensions/qtpdf/680/android_arm64_v8a/Updates.xml.sha256
2026-05-10 16:55:25,342 - aqt.main - ERROR - installer 30276 The packages ['qtdeclarative'] were not found while parsing XML of package information!
==============================Suggested follow-up:==============================
* Please use 'aqt list-qt windows android --modules 6.8.0 <arch>' to show modules available.
2026-05-10 16:57:22,054 - aqt.main - INFO - installer 20076 aqtinstall(aqt) v3.3.0 on Python 3.14.3 [CPython MSC v.1944 64 bit (AMD64)]
2026-05-10 16:57:22,055 - aqt.helper - DEBUG - helper 20076 Attempt to download checksum at https://download.qt.io/online/qtsdkrepository/windows_x86/desktop/qt6_680/qt6_680/Updates.xml.sha256
2026-05-10 16:57:22,827 - aqt.main - WARNING - installer 20076 You are installing the android version of Qt, which requires that the desktop version of Qt is also installed. You can install it with the following command:
          `aqt install-qt windows desktop 6.8.0 win64_mingw`
2026-05-10 16:57:22,827 - aqt.helper - DEBUG - helper 20076 Attempt to download checksum at https://download.qt.io/online/qtsdkrepository/all_os/android/qt6_680/qt6_680_arm64_v8a/Updates.xml.sha256
2026-05-10 16:57:23,543 - aqt.helper - DEBUG - helper 20076 Attempt to download checksum at https://download.qt.io/online/qtsdkrepository/all_os/extensions/qtwebengine/680/android_arm64_v8a/Updates.xml.sha256
2026-05-10 16:57:23,904 - aqt.helper - DEBUG - helper 20076 Attempt to download checksum at https://download.qt.io/online/qtsdkrepository/all_os/extensions/qtwebengine/680/android_arm64_v8a/Updates.xml.sha256
2026-05-10 16:57:24,267 - aqt.helper - DEBUG - helper 20076 Attempt to download checksum at https://download.qt.io/online/qtsdkrepository/all_os/extensions/qtwebengine/680/android_arm64_v8a/Updates.xml.sha256
2026-05-10 16:57:24,620 - aqt.helper - DEBUG - helper 20076 Attempt to download checksum at https://download.qt.io/online/qtsdkrepository/all_os/extensions/qtwebengine/680/android_arm64_v8a/Updates.xml.sha256
2026-05-10 16:57:24,992 - aqt.helper - DEBUG - helper 20076 Attempt to download checksum at https://download.qt.io/online/qtsdkrepository/all_os/extensions/qtwebengine/680/android_arm64_v8a/Updates.xml.sha256
2026-05-10 16:57:25,361 - aqt.helper - DEBUG - helper 20076 Attempt to download checksum at https://download.qt.io/online/qtsdkrepository/all_os/extensions/qtpdf/680/android_arm64_v8a/Updates.xml.sha256
2026-05-10 16:57:25,718 - aqt.helper - DEBUG - helper 20076 Attempt to download checksum at https://download.qt.io/online/qtsdkrepository/all_os/extensions/qtpdf/680/android_arm64_v8a/Updates.xml.sha256
2026-05-10 16:57:26,088 - aqt.helper - DEBUG - helper 20076 Attempt to download checksum at https://download.qt.io/online/qtsdkrepository/all_os/extensions/qtpdf/680/android_arm64_v8a/Updates.xml.sha256
2026-05-10 16:57:26,428 - aqt.helper - DEBUG - helper 20076 Attempt to download checksum at https://download.qt.io/online/qtsdkrepository/all_os/extensions/qtpdf/680/android_arm64_v8a/Updates.xml.sha256
2026-05-10 16:57:26,772 - aqt.helper - DEBUG - helper 20076 Attempt to download checksum at https://download.qt.io/online/qtsdkrepository/all_os/extensions/qtpdf/680/android_arm64_v8a/Updates.xml.sha256
2026-05-10 16:57:27,481 - aqt.helper - DEBUG - helper 36792 Attempt to download checksum at https://download.qt.io/online/qtsdkrepository/all_os/android/qt6_680/qt6_680_arm64_v8a/qt.qt6.680.android_arm64_v8a/6.8.0-0-202410030750qtbase-MacOS-MacOS_13-Clang-Android-Android_ANY-ARM64.7z.sha256
2026-05-10 16:57:27,482 - aqt.helper - DEBUG - helper 13972 Attempt to download checksum at https://download.qt.io/online/qtsdkrepository/all_os/android/qt6_680/qt6_680_arm64_v8a/qt.qt6.680.android_arm64_v8a/6.8.0-0-202410030750qtsvg-MacOS-MacOS_13-Clang-Android-Android_ANY-ARM64.7z.sha256
2026-05-10 16:57:27,482 - aqt.helper - DEBUG - helper 23412 Attempt to download checksum at https://download.qt.io/online/qtsdkrepository/all_os/android/qt6_680/qt6_680_arm64_v8a/qt.qt6.680.android_arm64_v8a/6.8.0-0-202410030750qtdeclarative-MacOS-MacOS_13-Clang-Android-Android_ANY-ARM64.7z.sha256
2026-05-10 16:57:27,482 - aqt.helper - DEBUG - helper 30796 Attempt to download checksum at https://download.qt.io/online/qtsdkrepository/all_os/android/qt6_680/qt6_680_arm64_v8a/qt.qt6.680.android_arm64_v8a/6.8.0-0-202410030750qttools-MacOS-MacOS_13-Clang-Android-Android_ANY-ARM64.7z.sha256
2026-05-10 16:57:27,980 - aqt.helper - INFO - helper 23412 Downloading qtdeclarative...
2026-05-10 16:57:27,982 - aqt.helper - INFO - helper 13972 Downloading qtsvg...
2026-05-10 16:57:27,981 - aqt.installer - DEBUG - installer 23412 Download URL: https://download.qt.io/online/qtsdkrepository/all_os/android/qt6_680/qt6_680_arm64_v8a/qt.qt6.680.android_arm64_v8a/6.8.0-0-202410030750qtdeclarative-MacOS-MacOS_13-Clang-Android-Android_ANY-ARM64.7z
2026-05-10 16:57:27,982 - aqt.installer - DEBUG - installer 13972 Download URL: https://download.qt.io/online/qtsdkrepository/all_os/android/qt6_680/qt6_680_arm64_v8a/qt.qt6.680.android_arm64_v8a/6.8.0-0-202410030750qtsvg-MacOS-MacOS_13-Clang-Android-Android_ANY-ARM64.7z
2026-05-10 16:57:27,988 - aqt.helper - INFO - helper 30796 Downloading qttools...
2026-05-10 16:57:27,988 - aqt.installer - DEBUG - installer 30796 Download URL: https://download.qt.io/online/qtsdkrepository/all_os/android/qt6_680/qt6_680_arm64_v8a/qt.qt6.680.android_arm64_v8a/6.8.0-0-202410030750qttools-MacOS-MacOS_13-Clang-Android-Android_ANY-ARM64.7z
2026-05-10 16:57:27,991 - aqt.helper - INFO - helper 36792 Downloading qtbase...
2026-05-10 16:57:27,991 - aqt.installer - DEBUG - installer 36792 Download URL: https://download.qt.io/online/qtsdkrepository/all_os/android/qt6_680/qt6_680_arm64_v8a/qt.qt6.680.android_arm64_v8a/6.8.0-0-202410030750qtbase-MacOS-MacOS_13-Clang-Android-Android_ANY-ARM64.7z
2026-05-10 16:57:28,467 - aqt.helper - DEBUG - helper 13972 Asked to redirect(302) to: https://www.nic.funet.fi/pub/mirrors/download.qt-project.org/online/qtsdkrepository/all_os/android/qt6_680/qt6_680_arm64_v8a/qt.qt6.680.android_arm64_v8a/6.8.0-0-202410030750qtsvg-MacOS-MacOS_13-Clang-Android-Android_ANY-ARM64.7z
2026-05-10 16:57:28,467 - aqt.helper - INFO - helper 13972 Redirected: www.nic.funet.fi
2026-05-10 16:57:28,475 - aqt.helper - DEBUG - helper 23412 Asked to redirect(302) to: https://www.nic.funet.fi/pub/mirrors/download.qt-project.org/online/qtsdkrepository/all_os/android/qt6_680/qt6_680_arm64_v8a/qt.qt6.680.android_arm64_v8a/6.8.0-0-202410030750qtdeclarative-MacOS-MacOS_13-Clang-Android-Android_ANY-ARM64.7z
2026-05-10 16:57:28,475 - aqt.helper - INFO - helper 23412 Redirected: www.nic.funet.fi
2026-05-10 16:57:28,481 - aqt.helper - DEBUG - helper 30796 Asked to redirect(302) to: https://www.nic.funet.fi/pub/mirrors/download.qt-project.org/online/qtsdkrepository/all_os/android/qt6_680/qt6_680_arm64_v8a/qt.qt6.680.android_arm64_v8a/6.8.0-0-202410030750qttools-MacOS-MacOS_13-Clang-Android-Android_ANY-ARM64.7z
2026-05-10 16:57:28,482 - aqt.helper - INFO - helper 30796 Redirected: www.nic.funet.fi
2026-05-10 16:57:28,495 - aqt.helper - DEBUG - helper 36792 Asked to redirect(302) to: https://www.nic.funet.fi/pub/mirrors/download.qt-project.org/online/qtsdkrepository/all_os/android/qt6_680/qt6_680_arm64_v8a/qt.qt6.680.android_arm64_v8a/6.8.0-0-202410030750qtbase-MacOS-MacOS_13-Clang-Android-Android_ANY-ARM64.7z
2026-05-10 16:57:28,495 - aqt.helper - INFO - helper 36792 Redirected: www.nic.funet.fi
2026-05-10 16:57:29,205 - aqt.installer - INFO - installer 13972 Finished installation of qtsvg-MacOS-MacOS_13-Clang-Android-Android_ANY-ARM64.7z in 1.72515110
2026-05-10 16:57:29,216 - aqt.helper - DEBUG - helper 13972 Attempt to download checksum at https://download.qt.io/online/qtsdkrepository/all_os/android/qt6_680/qt6_680_arm64_v8a/qt.qt6.680.android_arm64_v8a/6.8.0-0-202410030750qttranslations-MacOS-MacOS_13-Clang-Android-Android_ANY-ARM64.7z.sha256
2026-05-10 16:57:29,577 - aqt.helper - INFO - helper 13972 Downloading qttranslations...
2026-05-10 16:57:29,577 - aqt.installer - DEBUG - installer 13972 Download URL: https://download.qt.io/online/qtsdkrepository/all_os/android/qt6_680/qt6_680_arm64_v8a/qt.qt6.680.android_arm64_v8a/6.8.0-0-202410030750qttranslations-MacOS-MacOS_13-Clang-Android-Android_ANY-ARM64.7z
2026-05-10 16:57:29,930 - aqt.helper - DEBUG - helper 13972 Asked to redirect(302) to: https://www.nic.funet.fi/pub/mirrors/download.qt-project.org/online/qtsdkrepository/all_os/android/qt6_680/qt6_680_arm64_v8a/qt.qt6.680.android_arm64_v8a/6.8.0-0-202410030750qttranslations-MacOS-MacOS_13-Clang-Android-Android_ANY-ARM64.7z
2026-05-10 16:57:29,930 - aqt.helper - INFO - helper 13972 Redirected: www.nic.funet.fi
2026-05-10 16:57:30,340 - aqt.installer - INFO - installer 30796 Finished installation of qttools-MacOS-MacOS_13-Clang-Android-Android_ANY-ARM64.7z in 2.85896970
2026-05-10 16:57:30,846 - aqt.installer - INFO - installer 13972 Finished installation of qttranslations-MacOS-MacOS_13-Clang-Android-Android_ANY-ARM64.7z in 1.63140200
2026-05-10 16:57:32,387 - aqt.installer - INFO - installer 36792 Finished installation of qtbase-MacOS-MacOS_13-Clang-Android-Android_ANY-ARM64.7z in 4.90671990
2026-05-10 16:57:35,278 - aqt.installer - INFO - installer 23412 Finished installation of qtdeclarative-MacOS-MacOS_13-Clang-Android-Android_ANY-ARM64.7z in 7.79731280
2026-05-10 16:57:35,351 - aqt.updater - INFO - updater 20076 Patching C:\Users\nikit\BeeLibrary-dependencies\android\qt\6.8.0\android_arm64_v8a\bin\qmake.bat
2026-05-10 16:57:35,362 - aqt.updater - INFO - updater 20076 Patching C:\Users\nikit\BeeLibrary-dependencies\android\qt\6.8.0\android_arm64_v8a\bin\qtpaths.bat
2026-05-10 16:57:35,373 - aqt.updater - INFO - updater 20076 Patching C:\Users\nikit\BeeLibrary-dependencies\android\qt\6.8.0\android_arm64_v8a\bin\qmake6.bat
2026-05-10 16:57:35,376 - aqt.updater - INFO - updater 20076 Patching C:\Users\nikit\BeeLibrary-dependencies\android\qt\6.8.0\android_arm64_v8a\bin\qtpaths6.bat
2026-05-10 16:57:35,379 - aqt.updater - INFO - updater 20076 Patching C:\Users\nikit\BeeLibrary-dependencies\android\qt\6.8.0\android_arm64_v8a\bin\target_qt.conf
2026-05-10 16:57:35,398 - aqt.main - INFO - installer 20076 Finished installation
2026-05-10 16:57:35,398 - aqt.main - INFO - installer 20076 Time elapsed: 13.34383100 second
2026-05-10 17:16:19,366 - aqt.helper - DEBUG - helper 38296 Attempt to download checksum at https://download.qt.io/online/qtsdkrepository/windows_x86/android/qt6_680/qt6_680_arm64_v8a/Updates.xml.sha256
2026-05-10 17:16:19,718 - aqt.helper - DEBUG - helper 38296 Attempt to download checksum at https://download.qt.io/online/qtsdkrepository/windows_x86/android/qt6_680/qt6_680_arm64_v8a/Updates.xml.sha256
2026-05-10 17:16:20,080 - aqt.helper - DEBUG - helper 38296 Attempt to download checksum at https://download.qt.io/online/qtsdkrepository/windows_x86/android/qt6_680/qt6_680_arm64_v8a/Updates.xml.sha256
2026-05-10 17:16:20,447 - aqt.helper - DEBUG - helper 38296 Attempt to download checksum at https://download.qt.io/online/qtsdkrepository/windows_x86/android/qt6_680/qt6_680_arm64_v8a/Updates.xml.sha256
2026-05-10 17:16:20,798 - aqt.helper - DEBUG - helper 38296 Attempt to download checksum at https://download.qt.io/online/qtsdkrepository/windows_x86/android/qt6_680/qt6_680_arm64_v8a/Updates.xml.sha256
2026-05-10 17:16:21,137 - aqt.main - ERROR - installer 38296 Failed to download checksum for the file 'Updates.xml' from mirrors '['https://download.qt.io']
==============================Suggested follow-up:==============================
* Check your internet connection
* Consider modifying `requests.max_retries_to_retrieve_hash` in settings.ini
* Consider modifying `mirrors.trusted_mirrors` in settings.ini (see https://aqtinstall.readthedocs.io/en/stable/configuration.html#configuration)
* Please use 'aqt list-qt windows android' to show versions of Qt available.
* Please use 'aqt list-qt windows android --arch <QT_VERSION>' to list valid architectures.
2026-05-10 17:30:38,934 - aqt.main - INFO - installer 16684 aqtinstall(aqt) v3.3.0 on Python 3.14.3 [CPython MSC v.1944 64 bit (AMD64)]
2026-05-10 17:30:38,935 - aqt.helper - DEBUG - helper 16684 Attempt to download checksum at https://download.qt.io/online/qtsdkrepository/windows_x86/desktop/qt6_680/qt6_680/Updates.xml.sha256
2026-05-10 17:30:39,779 - aqt.main - WARNING - installer 16684 You are installing the android version of Qt, which requires that the desktop version of Qt is also installed. You can install it with the following command:
          `aqt install-qt windows desktop 6.8.0 win64_mingw`
2026-05-10 17:30:39,779 - aqt.helper - DEBUG - helper 16684 Attempt to download checksum at https://download.qt.io/online/qtsdkrepository/all_os/android/qt6_680/qt6_680_x86_64/Updates.xml.sha256
2026-05-10 17:30:40,507 - aqt.helper - DEBUG - helper 16684 Attempt to download checksum at https://download.qt.io/online/qtsdkrepository/all_os/extensions/qtwebengine/680/android_x86_64/Updates.xml.sha256
2026-05-10 17:30:40,870 - aqt.helper - DEBUG - helper 16684 Attempt to download checksum at https://download.qt.io/online/qtsdkrepository/all_os/extensions/qtwebengine/680/android_x86_64/Updates.xml.sha256
2026-05-10 17:30:41,221 - aqt.helper - DEBUG - helper 16684 Attempt to download checksum at https://download.qt.io/online/qtsdkrepository/all_os/extensions/qtwebengine/680/android_x86_64/Updates.xml.sha256
2026-05-10 17:30:41,595 - aqt.helper - DEBUG - helper 16684 Attempt to download checksum at https://download.qt.io/online/qtsdkrepository/all_os/extensions/qtwebengine/680/android_x86_64/Updates.xml.sha256
2026-05-10 17:30:41,952 - aqt.helper - DEBUG - helper 16684 Attempt to download checksum at https://download.qt.io/online/qtsdkrepository/all_os/extensions/qtwebengine/680/android_x86_64/Updates.xml.sha256
2026-05-10 17:30:42,314 - aqt.helper - DEBUG - helper 16684 Attempt to download checksum at https://download.qt.io/online/qtsdkrepository/all_os/extensions/qtpdf/680/android_x86_64/Updates.xml.sha256
2026-05-10 17:30:42,678 - aqt.helper - DEBUG - helper 16684 Attempt to download checksum at https://download.qt.io/online/qtsdkrepository/all_os/extensions/qtpdf/680/android_x86_64/Updates.xml.sha256
2026-05-10 17:30:43,030 - aqt.helper - DEBUG - helper 16684 Attempt to download checksum at https://download.qt.io/online/qtsdkrepository/all_os/extensions/qtpdf/680/android_x86_64/Updates.xml.sha256
2026-05-10 17:30:43,393 - aqt.helper - DEBUG - helper 16684 Attempt to download checksum at https://download.qt.io/online/qtsdkrepository/all_os/extensions/qtpdf/680/android_x86_64/Updates.xml.sha256
2026-05-10 17:30:43,747 - aqt.helper - DEBUG - helper 16684 Attempt to download checksum at https://download.qt.io/online/qtsdkrepository/all_os/extensions/qtpdf/680/android_x86_64/Updates.xml.sha256
2026-05-10 17:30:44,436 - aqt.helper - DEBUG - helper 860 Attempt to download checksum at https://download.qt.io/online/qtsdkrepository/all_os/android/qt6_680/qt6_680_x86_64/qt.qt6.680.android_x86_64/6.8.0-0-202410030750qtbase-Linux-RHEL_8_8-Clang-Android-Android_ANY-X86_64.7z.sha256
2026-05-10 17:30:44,437 - aqt.helper - DEBUG - helper 39172 Attempt to download checksum at https://download.qt.io/online/qtsdkrepository/all_os/android/qt6_680/qt6_680_x86_64/qt.qt6.680.android_x86_64/6.8.0-0-202410030750qtsvg-Linux-RHEL_8_8-Clang-Android-Android_ANY-X86_64.7z.sha256
2026-05-10 17:30:44,437 - aqt.helper - DEBUG - helper 12976 Attempt to download checksum at https://download.qt.io/online/qtsdkrepository/all_os/android/qt6_680/qt6_680_x86_64/qt.qt6.680.android_x86_64/6.8.0-0-202410030750qtdeclarative-Linux-RHEL_8_8-Clang-Android-Android_ANY-X86_64.7z.sha256
2026-05-10 17:30:44,437 - aqt.helper - DEBUG - helper 30248 Attempt to download checksum at https://download.qt.io/online/qtsdkrepository/all_os/android/qt6_680/qt6_680_x86_64/qt.qt6.680.android_x86_64/6.8.0-0-202410030750qttools-Linux-RHEL_8_8-Clang-Android-Android_ANY-X86_64.7z.sha256
2026-05-10 17:30:44,915 - aqt.helper - INFO - helper 12976 Downloading qtdeclarative...
2026-05-10 17:30:44,918 - aqt.helper - INFO - helper 30248 Downloading qttools...
2026-05-10 17:30:44,915 - aqt.installer - DEBUG - installer 12976 Download URL: https://download.qt.io/online/qtsdkrepository/all_os/android/qt6_680/qt6_680_x86_64/qt.qt6.680.android_x86_64/6.8.0-0-202410030750qtdeclarative-Linux-RHEL_8_8-Clang-Android-Android_ANY-X86_64.7z
2026-05-10 17:30:44,918 - aqt.installer - DEBUG - installer 30248 Download URL: https://download.qt.io/online/qtsdkrepository/all_os/android/qt6_680/qt6_680_x86_64/qt.qt6.680.android_x86_64/6.8.0-0-202410030750qttools-Linux-RHEL_8_8-Clang-Android-Android_ANY-X86_64.7z
2026-05-10 17:30:44,923 - aqt.helper - INFO - helper 860 Downloading qtbase...
2026-05-10 17:30:44,923 - aqt.installer - DEBUG - installer 860 Download URL: https://download.qt.io/online/qtsdkrepository/all_os/android/qt6_680/qt6_680_x86_64/qt.qt6.680.android_x86_64/6.8.0-0-202410030750qtbase-Linux-RHEL_8_8-Clang-Android-Android_ANY-X86_64.7z
2026-05-10 17:30:44,937 - aqt.helper - INFO - helper 39172 Downloading qtsvg...
2026-05-10 17:30:44,937 - aqt.installer - DEBUG - installer 39172 Download URL: https://download.qt.io/online/qtsdkrepository/all_os/android/qt6_680/qt6_680_x86_64/qt.qt6.680.android_x86_64/6.8.0-0-202410030750qtsvg-Linux-RHEL_8_8-Clang-Android-Android_ANY-X86_64.7z
2026-05-10 17:30:45,379 - aqt.helper - DEBUG - helper 860 Asked to redirect(302) to: https://www.nic.funet.fi/pub/mirrors/download.qt-project.org/online/qtsdkrepository/all_os/android/qt6_680/qt6_680_x86_64/qt.qt6.680.android_x86_64/6.8.0-0-202410030750qtbase-Linux-RHEL_8_8-Clang-Android-Android_ANY-X86_64.7z
2026-05-10 17:30:45,379 - aqt.helper - INFO - helper 860 Redirected: www.nic.funet.fi
2026-05-10 17:30:45,407 - aqt.helper - DEBUG - helper 30248 Asked to redirect(302) to: https://www.nic.funet.fi/pub/mirrors/download.qt-project.org/online/qtsdkrepository/all_os/android/qt6_680/qt6_680_x86_64/qt.qt6.680.android_x86_64/6.8.0-0-202410030750qttools-Linux-RHEL_8_8-Clang-Android-Android_ANY-X86_64.7z
2026-05-10 17:30:45,407 - aqt.helper - INFO - helper 30248 Redirected: www.nic.funet.fi
2026-05-10 17:30:45,407 - aqt.helper - DEBUG - helper 12976 Asked to redirect(302) to: https://www.nic.funet.fi/pub/mirrors/download.qt-project.org/online/qtsdkrepository/all_os/android/qt6_680/qt6_680_x86_64/qt.qt6.680.android_x86_64/6.8.0-0-202410030750qtdeclarative-Linux-RHEL_8_8-Clang-Android-Android_ANY-X86_64.7z
2026-05-10 17:30:45,407 - aqt.helper - INFO - helper 12976 Redirected: www.nic.funet.fi
2026-05-10 17:30:45,428 - aqt.helper - DEBUG - helper 39172 Asked to redirect(302) to: https://www.nic.funet.fi/pub/mirrors/download.qt-project.org/online/qtsdkrepository/all_os/android/qt6_680/qt6_680_x86_64/qt.qt6.680.android_x86_64/6.8.0-0-202410030750qtsvg-Linux-RHEL_8_8-Clang-Android-Android_ANY-X86_64.7z
2026-05-10 17:30:45,428 - aqt.helper - INFO - helper 39172 Redirected: www.nic.funet.fi
2026-05-10 17:30:46,184 - aqt.installer - INFO - installer 39172 Finished installation of qtsvg-Linux-RHEL_8_8-Clang-Android-Android_ANY-X86_64.7z in 1.74866960
2026-05-10 17:30:46,195 - aqt.helper - DEBUG - helper 39172 Attempt to download checksum at https://download.qt.io/online/qtsdkrepository/all_os/android/qt6_680/qt6_680_x86_64/qt.qt6.680.android_x86_64/6.8.0-0-202410030750qttranslations-Linux-RHEL_8_8-Clang-Android-Android_ANY-X86_64.7z.sha256
2026-05-10 17:30:46,554 - aqt.helper - INFO - helper 39172 Downloading qttranslations...
2026-05-10 17:30:46,554 - aqt.installer - DEBUG - installer 39172 Download URL: https://download.qt.io/online/qtsdkrepository/all_os/android/qt6_680/qt6_680_x86_64/qt.qt6.680.android_x86_64/6.8.0-0-202410030750qttranslations-Linux-RHEL_8_8-Clang-Android-Android_ANY-X86_64.7z
2026-05-10 17:30:46,890 - aqt.installer - INFO - installer 30248 Finished installation of qttools-Linux-RHEL_8_8-Clang-Android-Android_ANY-X86_64.7z in 2.45409680
2026-05-10 17:30:46,902 - aqt.helper - DEBUG - helper 39172 Asked to redirect(302) to: https://www.nic.funet.fi/pub/mirrors/download.qt-project.org/online/qtsdkrepository/all_os/android/qt6_680/qt6_680_x86_64/qt.qt6.680.android_x86_64/6.8.0-0-202410030750qttranslations-Linux-RHEL_8_8-Clang-Android-Android_ANY-X86_64.7z
2026-05-10 17:30:46,902 - aqt.helper - INFO - helper 39172 Redirected: www.nic.funet.fi
2026-05-10 17:30:47,875 - aqt.installer - INFO - installer 39172 Finished installation of qttranslations-Linux-RHEL_8_8-Clang-Android-Android_ANY-X86_64.7z in 1.68161210
2026-05-10 17:30:52,292 - aqt.installer - INFO - installer 860 Finished installation of qtbase-Linux-RHEL_8_8-Clang-Android-Android_ANY-X86_64.7z in 7.85656400
2026-05-10 17:30:53,512 - aqt.installer - INFO - installer 12976 Finished installation of qtdeclarative-Linux-RHEL_8_8-Clang-Android-Android_ANY-X86_64.7z in 9.07583260
2026-05-10 17:30:53,600 - aqt.updater - INFO - updater 16684 Patching C:\Users\nikit\BeeLibrary-dependencies\android\qt\6.8.0\android_x86_64\bin\qmake.bat
2026-05-10 17:30:53,612 - aqt.updater - INFO - updater 16684 Patching C:\Users\nikit\BeeLibrary-dependencies\android\qt\6.8.0\android_x86_64\bin\qtpaths.bat
2026-05-10 17:30:53,623 - aqt.updater - INFO - updater 16684 Patching C:\Users\nikit\BeeLibrary-dependencies\android\qt\6.8.0\android_x86_64\bin\qmake6.bat
2026-05-10 17:30:53,627 - aqt.updater - INFO - updater 16684 Patching C:\Users\nikit\BeeLibrary-dependencies\android\qt\6.8.0\android_x86_64\bin\qtpaths6.bat
2026-05-10 17:30:53,630 - aqt.updater - INFO - updater 16684 Patching C:\Users\nikit\BeeLibrary-dependencies\android\qt\6.8.0\android_x86_64\bin\target_qt.conf
2026-05-10 17:30:53,649 - aqt.main - INFO - installer 16684 Finished installation
2026-05-10 17:30:53,649 - aqt.main - INFO - installer 16684 Time elapsed: 14.71507350 second
